
---------------------------------
   00|01|02|03|04|05|06|07|08|09|
00: s| t|  |  |  |  |  |  | i| w|
01: i|  |  |  |  |  |  |  |  | t|
02:  |  |  |  |  |  | w| s|  |  |
03:  |  |  |  |  |  | i|  |  |  |
04:  |  |  |  |  |  |  |  |  |  |
05:  |  |  |  |  |  |  |  |  |  |
06:  |  |  |  |  |  |  |  |  |  |
07:  |  |  |  |  |  |  |  |  |  |
08:  |  | t| s|  |  |  |  |  |  |
09:  |  |  |  |  |  |  | w|  | w|
---------------------------------

Iteration 1 Red
---------------------------------
   00|01|02|03|04|05|06|07|08|09|
00:  | $|  |  |  |  |  |  | i| w|
01: i|  |  |  |  |  |  |  |  | t|
02:  |  |  |  |  |  |  | w|  |  |
03:  |  |  |  |  |  | i|  |  |  |
04:  |  |  |  |  |  |  |  |  |  |
05:  |  |  |  |  |  |  |  |  |  |
06:  |  |  |  |  |  |  |  |  |  |
07:  |  |  |  |  |  |  |  |  |  |
08:  |  | t| s|  |  |  |  |  |  |
09:  |  |  |  |  |  |  |  | w|  |
---------------------------------

Iteration 1 Black
---------------------------------
   00|01|02|03|04|05|06|07|08|09|
00:  | t|  |  |  |  |  |  | i| w|
01: i| s|  |  |  |  |  |  |  | t|
02:  |  |  |  |  |  | w|  |  |  |
03:  |  |  |  |  |  | i|  |  |  |
04:  |  |  |  |  |  |  |  |  |  |
05:  |  |  |  |  |  |  |  |  |  |
06:  |  |  |  |  |  |  |  |  |  |
07:  |  |  |  |  |  |  |  |  |  |
08:  |  | $|  |  |  |  |  |  |  |
09:  |  |  |  |  |  |  | w|  |  |
---------------------------------

Iteration 2 Red
---------------------------------
   00|01|02|03|04|05|06|07|08|09|
00:  | t|  |  |  |  |  |  | i| w|
01: i|  |  |  |  |  |  |  |  | t|
02:  | s|  |  |  | w|  |  |  |  |
03:  |  |  |  |  |  | i|  |  |  |
04:  |  |  |  |  |  |  |  |  |  |
05:  |  |  |  |  |  |  |  |  |  |
06:  |  |  |  |  |  |  |  |  |  |
07:  |  |  |  |  |  |  |  |  |  |
08:  |  | t|  |  |  |  |  |  |  |
09:  |  | s|  |  |  |  |  | w|  |
---------------------------------

Iteration 2 Black
---------------------------------
   00|01|02|03|04|05|06|07|08|09|
00:  | t|  |  |  |  |  |  | i| w|
01: i|  |  |  |  |  |  |  |  | t|
02:  |  | s|  |  |  | w|  |  |  |
03:  |  |  |  |  |  | i|  |  |  |
04:  |  |  |  |  |  |  |  |  |  |
05:  |  |  |  |  |  |  |  |  |  |
06:  |  |  |  |  |  |  |  |  |  |
07:  |  |  |  |  |  |  |  |  |  |
08:  |  | t|  |  |  |  |  |  |  |
09:  | s|  |  |  |  |  | w|  |  |
---------------------------------

Iteration 3 Red
---------------------------------
   00|01|02|03|04|05|06|07|08|09|
00:  | t|  |  |  |  |  |  | i| w|
01: i|  |  |  |  |  |  |  |  | t|
02:  |  |  |  |  | w|  |  |  |  |
03:  |  | s|  |  |  | i|  |  |  |
04:  |  |  |  |  |  |  |  |  |  |
05:  |  |  |  |  |  |  |  |  |  |
06:  |  |  |  |  |  |  |  |  |  |
07:  |  |  |  |  |  |  |  |  |  |
08:  |  | t|  |  |  |  |  |  |  |
09:  |  | s|  |  |  |  |  | w|  |
---------------------------------

Iteration 3 Black
---------------------------------
   00|01|02|03|04|05|06|07|08|09|
00:  | t|  |  |  |  |  |  | i| w|
01: i|  |  |  |  |  |  |  |  | t|
02:  |  | s|  |  |  | w|  |  |  |
03:  |  |  |  |  |  | i|  |  |  |
04:  |  |  |  |  |  |  |  |  |  |
05:  |  |  |  |  |  |  |  |  |  |
06:  |  |  |  |  |  |  |  |  |  |
07:  |  |  |  |  |  |  |  |  |  |
08:  |  | t|  |  |  |  |  |  |  |
09:  | s|  |  |  |  |  | w|  |  |
---------------------------------

Iteration 4 Red
---------------------------------
   00|01|02|03|04|05|06|07|08|09|
00:  | t|  |  |  |  |  |  | i| w|
01: i|  |  |  |  |  |  |  |  | t|
02:  |  |  |  |  | w| w|  |  |  |
03:  |  | s|  |  |  | i|  |  |  |
04:  |  |  |  |  |  |  |  |  |  |
05:  |  |  |  |  |  |  |  |  |  |
06:  |  |  |  |  |  |  |  |  |  |
07:  |  |  |  |  |  |  |  |  |  |
08:  |  | t|  |  |  |  |  |  |  |
09:  |  | s|  |  |  |  | w| w|  |
---------------------------------

Iteration 4 Black
---------------------------------
   00|01|02|03|04|05|06|07|08|09|
00:  | t|  |  |  |  |  |  | i| w|
01: i|  |  |  |  |  |  |  |  | t|
02:  |  | s|  |  |  | w|  |  |  |
03:  |  |  |  |  | w| i|  |  |  |
04:  |  |  |  |  |  |  |  |  |  |
05:  |  |  |  |  |  |  |  |  |  |
06:  |  |  |  |  |  |  |  |  |  |
07:  |  |  |  |  |  |  |  |  |  |
08:  |  | t|  |  |  |  |  | w|  |
09:  | s|  |  |  |  |  | w|  |  |
---------------------------------
0 1 t
0 8 i
0 9 w
1 0 i
1 9 t
2 2 s
2 6 w
3 5 w
3 6 i
8 2 t
8 8 w
9 1 s
9 7 w
